../Drivers/CMSIS/Include/core_cm4.h:1939:34:__NVIC_SystemReset	4	static,ignoring_inline_asm
../Core/Src/main.c:72:5:main	32	static
../Core/Src/main.c:163:6:SystemClock_Config	88	static
../Core/Src/main.c:211:13:MX_TIM2_Init	32	static
../Core/Src/main.c:256:13:MX_TIM3_Init	64	static
../Core/Src/main.c:315:13:MX_TIM12_Init	56	static
../Core/Src/main.c:371:13:MX_USART2_UART_Init	8	static
../Core/Src/main.c:404:13:MX_GPIO_Init	48	static
../Core/Src/main.c:437:6:HAL_GPIO_EXTI_Callback	16	static
../Core/Src/main.c:450:6:Error_Handler	4	static,ignoring_inline_asm
