<html>
<body>
<pre>
<h1>µVision Build Log</h1>
<h2>Tool Versions:</h2>
IDE-Version: µVision V5.37.0.0
Copyright (C) 2022 ARM Ltd and ARM Germany GmbH. All rights reserved.
License Information: Rafiqul Rafi, BUET, LIC=----
 
Tool Versions:
Toolchain:       MDK-Lite  Version: 5.37.0.0
Toolchain Path:  G:\Micro\ARM\ARMCLANG\Bin
C Compiler:      ArmClang.exe V6.18
Assembler:       Armasm.exe V6.18
Linker/Locator:  ArmLink.exe V6.18
Library Manager: ArmAr.exe V6.18
Hex Converter:   FromElf.exe V6.18
CPU DLL:         SARMCM3.DLL V5.37.0.0
Dialog DLL:      DCM.DLL V1.17.5.0
Target DLL:      STLink\ST-LINKIII-KEIL_SWO.dll V3.0.9.0
Dialog DLL:      TCM.DLL V1.56.1.0
 
<h2>Project:</h2>
D:\L-4 T-1(17)\EEE 416\Lab Sheet\EXperiment_7\7.5 Base Music\DSMCprojecttemplate1.uvprojx
Project File Date:  06/23/2022

<h2>Output:</h2>
*** Using Compiler 'V6.18', folder: 'G:\Micro\ARM\ARMCLANG\Bin'
Build target 'Target 1'
compiling system_stm32f4xx.c...
main.c(42): warning: // comments are not allowed in this language [-Wcomment]
        // Regulator voltage scaling output selection: Scale 2 
        ^
main.c(114): warning: implicit conversion changes signedness: 'int' to 'unsigned int' [-Wsign-conversion]
                LED_PORT->MODER         &= ~(0x03 << (2*LED_PIN));                      // Clear bits
                                        ~~ ^~~~~~~~~~~~~~~~~~~~~~
main.c(117): warning: implicit conversion changes signedness: 'int' to 'unsigned int' [-Wsign-conversion]
                LED_PORT->AFR[0]        &= ~(0xF << (4*LED_PIN));         //    AF 1 = TIM2_CH1
                                        ~~ ^~~~~~~~~~~~~~~~~~~~~
main.c(121): warning: implicit conversion changes signedness: 'int' to 'unsigned int' [-Wsign-conversion]
                LED_PORT->OSPEEDR  &= ~(0x03<<(2*LED_PIN));                             // Speed mask
                                   ~~ ^~~~~~~~~~~~~~~~~~~~
main.c(124): warning: implicit conversion changes signedness: 'int' to 'unsigned int' [-Wsign-conversion]
                LED_PORT->PUPDR    &= ~(0x03<<(2*LED_PIN));                     // No PUPD(00, reset), Pullup(01), Pulldown(10), Reserved (11)
                                   ~~ ^~~~~~~~~~~~~~~~~~~~
main.c(135): warning: implicit conversion changes signedness: 'int' to 'unsigned int' [-Wsign-conversion]
                SPEAKER_PORT->MODER     &= ~(0x03 << (2*SPEAKER_PIN));                          // Clear bits
                                        ~~ ^~~~~~~~~~~~~~~~~~~~~~~~~~
main.c(138): warning: implicit conversion changes signedness: 'int' to 'unsigned int' [-Wsign-conversion]
                SPEAKER_PORT->AFR[0]    &= ~(0xF << (4*SPEAKER_PIN));     //    Clear AF
                                        ~~ ^~~~~~~~~~~~~~~~~~~~~~~~~
main.c(143): warning: implicit conversion changes signedness: 'int' to 'unsigned int' [-Wsign-conversion]
                SPEAKER_PORT->OSPEEDR  &= ~(0x03<<(2*SPEAKER_PIN));       // Speed mask
                                       ~~ ^~~~~~~~~~~~~~~~~~~~~~~~
main.c(208): warning: result of comparison of unsigned expression < 0 is always false [-Wtautological-unsigned-zero-compare]
                                if (current_note > 32 ||  current_note < 0) current_note = 0;
                                                          ~~~~~~~~~~~~ ^ ~
main.c(187): warning: unused variable 'n' [-Wunused-variable]
                int n = 1;
                    ^
main.c(35): warning: unused variable 'mask' [-Wunused-variable]
static uint16_t mask; 
                ^
main.c(110): warning: unused function 'LED_Pin_Init' [-Wunused-function]
static void LED_Pin_Init(){
            ^
12 warnings generated.
compiling main.c...
linking...
Program Size: Code=1128 RO-data=484 RW-data=96 ZI-data=1632  
".\Objects\try2.axf" - 0 Error(s), 12 Warning(s).

<h2>Software Packages used:</h2>

Package Vendor: ARM
                http://www.keil.com/pack/ARM.CMSIS.5.9.0.pack
                ARM.CMSIS.5.9.0
                CMSIS (Common Microcontroller Software Interface Standard)
   * Component: CORE Version: 5.6.0

Package Vendor: Keil
                http://www.keil.com/pack/Keil.STM32F4xx_DFP.2.16.0.pack
                Keil.STM32F4xx_DFP.2.16.0
                STMicroelectronics STM32F4 Series Device Support, Drivers and Examples
   * Component: Startup Version: 2.6.3

<h2>Collection of Component include folders:</h2>
  ./RTE/_Target_1
  G:/Micro/ARM/CMSIS/5.9.0/CMSIS/Core/Include
  G:/Micro/Keil/STM32F4xx_DFP/2.16.0/Drivers/CMSIS/Device/ST/STM32F4xx/Include

<h2>Collection of Component Files used:</h2>

   * Component: ARM::CMSIS:CORE:5.6.0

   * Component: Keil::Device:Startup:2.6.3
      Source file:   MDK/Device/Source/ARM/STM32F446xx_OPT.s
      Source file:   MDK/Device/Source/ARM/STM32F4xx_OTP.s
      Include file:  Drivers/CMSIS/Device/ST/STM32F4xx/Include/stm32f4xx.h
      Source file:   Drivers/CMSIS/Device/ST/STM32F4xx/Source/Templates/arm/startup_stm32f446xx.s
      Source file:   Drivers/CMSIS/Device/ST/STM32F4xx/Source/Templates/system_stm32f4xx.c
Build Time Elapsed:  00:00:45
</pre>
</body>
</html>
